Component: ARM Compiler 5.06 update 6 (build 750) Tool: armlink [4d35ed]

==============================================================================

Small function inlining results

Inlined total of 0 calls.

==============================================================================

Image Symbol Table

    Local Symbols

    Symbol Name                              Value     Ov Type        Size  Object(Section)

    RESET                                    0x00000000   Section      192  startup_m031series.o(RESET)
    ../clib/microlib/division.c              0x00000000   Number         0  uidiv.o ABSOLUTE
    ../clib/microlib/division.c              0x00000000   Number         0  uldiv.o ABSOLUTE
    ../clib/microlib/init/entry.s            0x00000000   Number         0  entry9a.o ABSOLUTE
    ../clib/microlib/init/entry.s            0x00000000   Number         0  entry.o ABSOLUTE
    ../clib/microlib/init/entry.s            0x00000000   Number         0  entry8b.o ABSOLUTE
    ../clib/microlib/init/entry.s            0x00000000   Number         0  entry2.o ABSOLUTE
    ../clib/microlib/init/entry.s            0x00000000   Number         0  entry5.o ABSOLUTE
    ../clib/microlib/init/entry.s            0x00000000   Number         0  entry7a.o ABSOLUTE
    ../clib/microlib/init/entry.s            0x00000000   Number         0  entry11b.o ABSOLUTE
    ../clib/microlib/init/entry.s            0x00000000   Number         0  entry11a.o ABSOLUTE
    ../clib/microlib/init/entry.s            0x00000000   Number         0  entry10b.o ABSOLUTE
    ../clib/microlib/init/entry.s            0x00000000   Number         0  entry10a.o ABSOLUTE
    ../clib/microlib/init/entry.s            0x00000000   Number         0  entry9b.o ABSOLUTE
    ../clib/microlib/init/entry.s            0x00000000   Number         0  entry7b.o ABSOLUTE
    ../clib/microlib/init/entry.s            0x00000000   Number         0  entry8a.o ABSOLUTE
    ../clib/microlib/longlong.c              0x00000000   Number         0  llsshr.o ABSOLUTE
    ../clib/microlib/longlong.c              0x00000000   Number         0  llushr.o ABSOLUTE
    ../clib/microlib/longlong.c              0x00000000   Number         0  llshl.o ABSOLUTE
    ../clib/microlib/printf/printf.c         0x00000000   Number         0  printfb.o ABSOLUTE
    ../clib/microlib/printf/printf.c         0x00000000   Number         0  printf0.o ABSOLUTE
    ../clib/microlib/printf/printf.c         0x00000000   Number         0  printf1.o ABSOLUTE
    ../clib/microlib/printf/printf.c         0x00000000   Number         0  printf2.o ABSOLUTE
    ../clib/microlib/printf/printf.c         0x00000000   Number         0  printf4.o ABSOLUTE
    ../clib/microlib/printf/printf.c         0x00000000   Number         0  printf5.o ABSOLUTE
    ../clib/microlib/printf/printf.c         0x00000000   Number         0  printf7.o ABSOLUTE
    ../clib/microlib/printf/printf.c         0x00000000   Number         0  printf6.o ABSOLUTE
    ../clib/microlib/printf/printf.c         0x00000000   Number         0  printf3.o ABSOLUTE
    ../clib/microlib/printf/printf.c         0x00000000   Number         0  printf8.o ABSOLUTE
    ../clib/microlib/printf/printf.c         0x00000000   Number         0  printfa.o ABSOLUTE
    ../clib/microlib/printf/stubs.s          0x00000000   Number         0  stubs.o ABSOLUTE
    ../clib/microlib/string/memcpy.c         0x00000000   Number         0  memcpyb.o ABSOLUTE
    ../clib/microlib/string/memcpy.c         0x00000000   Number         0  memcpya.o ABSOLUTE
    ../clib/microlib/stubs.s                 0x00000000   Number         0  iusefp.o ABSOLUTE
    ../fplib/microlib/fpadd.c                0x00000000   Number         0  dadd.o ABSOLUTE
    ../fplib/microlib/fpdiv.c                0x00000000   Number         0  ddiv.o ABSOLUTE
    ../fplib/microlib/fpepilogue.c           0x00000000   Number         0  depilogue.o ABSOLUTE
    ../fplib/microlib/fpfix.c                0x00000000   Number         0  dfixul.o ABSOLUTE
    ../fplib/microlib/fpmul.c                0x00000000   Number         0  dmul.o ABSOLUTE
    ..\..\..\Library\Device\Nuvoton\M031\Source\ARM\startup_M031Series.s 0x00000000   Number         0  startup_m031series.o ABSOLUTE
    ..\..\..\Library\Device\Nuvoton\M031\Source\system_M031Series.c 0x00000000   Number         0  system_m031series.o ABSOLUTE
    ..\..\..\Library\StdDriver\src\clk.c     0x00000000   Number         0  clk.o ABSOLUTE
    ..\..\..\Library\StdDriver\src\gpio.c    0x00000000   Number         0  gpio.o ABSOLUTE
    ..\..\..\Library\StdDriver\src\pwm.c     0x00000000   Number         0  pwm.o ABSOLUTE
    ..\..\..\Library\StdDriver\src\retarget.c 0x00000000   Number         0  retarget.o ABSOLUTE
    ..\..\..\Library\StdDriver\src\sys.c     0x00000000   Number         0  sys.o ABSOLUTE
    ..\..\..\Library\StdDriver\src\timer.c   0x00000000   Number         0  timer.o ABSOLUTE
    ..\..\..\Library\StdDriver\src\uart.c    0x00000000   Number         0  uart.o ABSOLUTE
    ..\\..\\..\\Library\\Device\\Nuvoton\\M031\\Source\\system_M031Series.c 0x00000000   Number         0  system_m031series.o ABSOLUTE
    ..\\..\\..\\Library\\StdDriver\\src\\clk.c 0x00000000   Number         0  clk.o ABSOLUTE
    ..\\..\\..\\Library\\StdDriver\\src\\gpio.c 0x00000000   Number         0  gpio.o ABSOLUTE
    ..\\..\\..\\Library\\StdDriver\\src\\pwm.c 0x00000000   Number         0  pwm.o ABSOLUTE
    ..\\..\\..\\Library\\StdDriver\\src\\retarget.c 0x00000000   Number         0  retarget.o ABSOLUTE
    ..\\..\\..\\Library\\StdDriver\\src\\sys.c 0x00000000   Number         0  sys.o ABSOLUTE
    ..\\..\\..\\Library\\StdDriver\\src\\timer.c 0x00000000   Number         0  timer.o ABSOLUTE
    ..\\..\\..\\Library\\StdDriver\\src\\uart.c 0x00000000   Number         0  uart.o ABSOLUTE
    ..\\main.c                               0x00000000   Number         0  main.o ABSOLUTE
    ..\main.c                                0x00000000   Number         0  main.o ABSOLUTE
    cdrcmple.s                               0x00000000   Number         0  cdrcmple.o ABSOLUTE
    handlers.s                               0x00000000   Number         0  handlers.o ABSOLUTE
    init.s                                   0x00000000   Number         0  init.o ABSOLUTE
    .ARM.Collect$$$$00000000                 0x000000c0   Section        0  entry.o(.ARM.Collect$$$$00000000)
    .ARM.Collect$$$$00000001                 0x000000c0   Section        4  entry2.o(.ARM.Collect$$$$00000001)
    .ARM.Collect$$$$00000004                 0x000000c4   Section        4  entry5.o(.ARM.Collect$$$$00000004)
    .ARM.Collect$$$$00000008                 0x000000c8   Section        0  entry7b.o(.ARM.Collect$$$$00000008)
    .ARM.Collect$$$$0000000A                 0x000000c8   Section        0  entry8b.o(.ARM.Collect$$$$0000000A)
    .ARM.Collect$$$$0000000B                 0x000000c8   Section        8  entry9a.o(.ARM.Collect$$$$0000000B)
    .ARM.Collect$$$$0000000D                 0x000000d0   Section        0  entry10a.o(.ARM.Collect$$$$0000000D)
    .ARM.Collect$$$$0000000F                 0x000000d0   Section        0  entry11a.o(.ARM.Collect$$$$0000000F)
    .ARM.Collect$$$$00002712                 0x000000d0   Section        4  entry2.o(.ARM.Collect$$$$00002712)
    __lit__00000000                          0x000000d0   Data           4  entry2.o(.ARM.Collect$$$$00002712)
    .emb_text                                0x000000d4   Section       28  retarget.o(.emb_text)
    .text                                    0x000000f0   Section       92  startup_m031series.o(.text)
    Default_Handler                          0x00000121   Thumb Code     2  startup_m031series.o(.text)
    .text                                    0x0000014c   Section        0  uidiv.o(.text)
    .text                                    0x00000178   Section        0  memcpya.o(.text)
    .text                                    0x0000019c   Section        0  uldiv.o(.text)
    .text                                    0x000001fc   Section       36  init.o(.text)
    .text                                    0x00000220   Section        0  llshl.o(.text)
    .text                                    0x00000240   Section        0  llushr.o(.text)
    i.CLK_DisablePLL                         0x00000264   Section        0  clk.o(i.CLK_DisablePLL)
    i.CLK_EnableCKO                          0x0000029c   Section        0  clk.o(i.CLK_EnableCKO)
    i.CLK_EnableModuleClock                  0x000002c4   Section        0  clk.o(i.CLK_EnableModuleClock)
    i.CLK_EnableXtalRC                       0x000002f4   Section        0  clk.o(i.CLK_EnableXtalRC)
    i.CLK_GetCPUFreq                         0x00000304   Section        0  clk.o(i.CLK_GetCPUFreq)
    i.CLK_GetHXTFreq                         0x00000314   Section        0  clk.o(i.CLK_GetHXTFreq)
    i.CLK_GetLXTFreq                         0x00000328   Section        0  clk.o(i.CLK_GetLXTFreq)
    i.CLK_GetPCLK0Freq                       0x00000340   Section        0  clk.o(i.CLK_GetPCLK0Freq)
    i.CLK_GetPCLK1Freq                       0x00000360   Section        0  clk.o(i.CLK_GetPCLK1Freq)
    i.CLK_GetPLLClockFreq                    0x00000380   Section        0  uart.o(i.CLK_GetPLLClockFreq)
    CLK_GetPLLClockFreq                      0x00000381   Thumb Code    70  uart.o(i.CLK_GetPLLClockFreq)
    i.CLK_SetHCLK                            0x000003d8   Section        0  clk.o(i.CLK_SetHCLK)
    i.CLK_SetModuleClock                     0x00000428   Section        0  clk.o(i.CLK_SetModuleClock)
    i.CLK_WaitClockReady                     0x00000498   Section        0  clk.o(i.CLK_WaitClockReady)
    i.Hard_Fault_Handler                     0x000004c4   Section        0  retarget.o(i.Hard_Fault_Handler)
    __tagsym$$used                           0x000004c5   Number         0  retarget.o(i.Hard_Fault_Handler)
    i.SYS_Init                               0x000004ec   Section        0  main.o(i.SYS_Init)
    i.SYS_ResetModule                        0x0000059c   Section        0  sys.o(i.SYS_ResetModule)
    i.SendChar                               0x000005b8   Section        0  retarget.o(i.SendChar)
    SendChar                                 0x000005b9   Thumb Code    26  retarget.o(i.SendChar)
    i.SystemCoreClockUpdate                  0x000005d8   Section        0  system_m031series.o(i.SystemCoreClockUpdate)
    i.SystemInit                             0x0000066c   Section        0  system_m031series.o(i.SystemInit)
    i.TIMER1_Init                            0x000006a4   Section        0  main.o(i.TIMER1_Init)
    i.TIMER_GetModuleClock                   0x000006d8   Section        0  timer.o(i.TIMER_GetModuleClock)
    i.TIMER_Open                             0x00000748   Section        0  timer.o(i.TIMER_Open)
    i.TMR1_IRQHandler                        0x00000788   Section        0  main.o(i.TMR1_IRQHandler)
    i.UART0_Init                             0x000007d4   Section        0  main.o(i.UART0_Init)
    i.UART_Open                              0x000008bc   Section        0  uart.o(i.UART_Open)
    i.UART_SetTimeoutCnt                     0x000009a0   Section        0  uart.o(i.UART_SetTimeoutCnt)
    i.__0printf$8                            0x000009b8   Section        0  printf8.o(i.__0printf$8)
    i.__scatterload_copy                     0x000009d8   Section       14  handlers.o(i.__scatterload_copy)
    i.__scatterload_null                     0x000009e6   Section        2  handlers.o(i.__scatterload_null)
    i.__scatterload_zeroinit                 0x000009e8   Section       14  handlers.o(i.__scatterload_zeroinit)
    i._printf_core                           0x000009f8   Section        0  printf8.o(i._printf_core)
    _printf_core                             0x000009f9   Thumb Code  1020  printf8.o(i._printf_core)
    i._printf_post_padding                   0x00000e20   Section        0  printf8.o(i._printf_post_padding)
    _printf_post_padding                     0x00000e21   Thumb Code    32  printf8.o(i._printf_post_padding)
    i._printf_pre_padding                    0x00000e40   Section        0  printf8.o(i._printf_pre_padding)
    _printf_pre_padding                      0x00000e41   Thumb Code    44  printf8.o(i._printf_pre_padding)
    i.fputc                                  0x00000e6c   Section        0  retarget.o(i.fputc)
    i.main                                   0x00000e78   Section        0  main.o(i.main)
    i.stackDump                              0x00000e90   Section        0  retarget.o(i.stackDump)
    stackDump                                0x00000e91   Thumb Code    70  retarget.o(i.stackDump)
    .constdata                               0x00000f38   Section       32  system_m031series.o(.constdata)
    .constdata                               0x00000f58   Section       72  uart.o(.constdata)
    .constdata                               0x00000fa0   Section       56  clk.o(.constdata)
    .constdata                               0x00000fd8   Section       32  timer.o(.constdata)
    .constdata                               0x00000ff8   Section       16  main.o(.constdata)
    __FUNCTION__                             0x00000ff8   Data          16  main.o(.constdata)
    .data                                    0x20000000   Section       12  system_m031series.o(.data)
    .data                                    0x2000000c   Section        4  retarget.o(.data)
    .data                                    0x20000010   Section        8  main.o(.data)
    CNT                                      0x20000010   Data           2  main.o(.data)
    LOG                                      0x20000014   Data           4  main.o(.data)
    STACK                                    0x20000018   Section      512  startup_m031series.o(STACK)

    Global Symbols

    Symbol Name                              Value     Ov Type        Size  Object(Section)

    BuildAttributes$$THM_ISAv3M$S$PE$A:L22$X:L11$S22$IEEE1$IW$USESV6$~STKCKD$USESV7$~SHL$OSPACE$ROPI$EBA8$MICROLIB$REQ8$PRES8$EABIv2 0x00000000   Number         0  anon$$obj.o ABSOLUTE
    __ARM_use_no_argv                        0x00000000   Number         0  main.o ABSOLUTE
    __Vectors                                0x00000000   Data           4  startup_m031series.o(RESET)
    _printf_a                                0x00000000   Number         0  stubs.o ABSOLUTE
    _printf_c                                0x00000000   Number         0  stubs.o ABSOLUTE
    _printf_charcount                        0x00000000   Number         0  stubs.o ABSOLUTE
    _printf_d                                0x00000000   Number         0  stubs.o ABSOLUTE
    _printf_e                                0x00000000   Number         0  stubs.o ABSOLUTE
    _printf_f                                0x00000000   Number         0  stubs.o ABSOLUTE
    _printf_flags                            0x00000000   Number         0  stubs.o ABSOLUTE
    _printf_fp_dec                           0x00000000   Number         0  stubs.o ABSOLUTE
    _printf_fp_hex                           0x00000000   Number         0  stubs.o ABSOLUTE
    _printf_g                                0x00000000   Number         0  stubs.o ABSOLUTE
    _printf_i                                0x00000000   Number         0  stubs.o ABSOLUTE
    _printf_int_dec                          0x00000000   Number         0  stubs.o ABSOLUTE
    _printf_l                                0x00000000   Number         0  stubs.o ABSOLUTE
    _printf_lc                               0x00000000   Number         0  stubs.o ABSOLUTE
    _printf_ll                               0x00000000   Number         0  stubs.o ABSOLUTE
    _printf_lld                              0x00000000   Number         0  stubs.o ABSOLUTE
    _printf_lli                              0x00000000   Number         0  stubs.o ABSOLUTE
    _printf_llo                              0x00000000   Number         0  stubs.o ABSOLUTE
    _printf_llu                              0x00000000   Number         0  stubs.o ABSOLUTE
    _printf_llx                              0x00000000   Number         0  stubs.o ABSOLUTE
    _printf_longlong_dec                     0x00000000   Number         0  stubs.o ABSOLUTE
    _printf_longlong_hex                     0x00000000   Number         0  stubs.o ABSOLUTE
    _printf_longlong_oct                     0x00000000   Number         0  stubs.o ABSOLUTE
    _printf_ls                               0x00000000   Number         0  stubs.o ABSOLUTE
    _printf_mbtowc                           0x00000000   Number         0  stubs.o ABSOLUTE
    _printf_n                                0x00000000   Number         0  stubs.o ABSOLUTE
    _printf_o                                0x00000000   Number         0  stubs.o ABSOLUTE
    _printf_p                                0x00000000   Number         0  stubs.o ABSOLUTE
    _printf_percent                          0x00000000   Number         0  stubs.o ABSOLUTE
    _printf_pre_padding                      0x00000000   Number         0  stubs.o ABSOLUTE
    _printf_return_value                     0x00000000   Number         0  stubs.o ABSOLUTE
    _printf_s                                0x00000000   Number         0  stubs.o ABSOLUTE
    _printf_sizespec                         0x00000000   Number         0  stubs.o ABSOLUTE
    _printf_str                              0x00000000   Number         0  stubs.o ABSOLUTE
    _printf_truncate_signed                  0x00000000   Number         0  stubs.o ABSOLUTE
    _printf_truncate_unsigned                0x00000000   Number         0  stubs.o ABSOLUTE
    _printf_u                                0x00000000   Number         0  stubs.o ABSOLUTE
    _printf_wc                               0x00000000   Number         0  stubs.o ABSOLUTE
    _printf_wctomb                           0x00000000   Number         0  stubs.o ABSOLUTE
    _printf_widthprec                        0x00000000   Number         0  stubs.o ABSOLUTE
    _printf_x                                0x00000000   Number         0  stubs.o ABSOLUTE
    __cpp_initialize__aeabi_                  - Undefined Weak Reference
    __cxa_finalize                            - Undefined Weak Reference
    __decompress                              - Undefined Weak Reference
    _clock_init                               - Undefined Weak Reference
    _microlib_exit                            - Undefined Weak Reference
    __main                                   0x000000c1   Thumb Code     0  entry.o(.ARM.Collect$$$$00000000)
    _main_stk                                0x000000c1   Thumb Code     0  entry2.o(.ARM.Collect$$$$00000001)
    _main_scatterload                        0x000000c5   Thumb Code     0  entry5.o(.ARM.Collect$$$$00000004)
    __main_after_scatterload                 0x000000c9   Thumb Code     0  entry5.o(.ARM.Collect$$$$00000004)
    _main_clock                              0x000000c9   Thumb Code     0  entry7b.o(.ARM.Collect$$$$00000008)
    _main_cpp_init                           0x000000c9   Thumb Code     0  entry8b.o(.ARM.Collect$$$$0000000A)
    _main_init                               0x000000c9   Thumb Code     0  entry9a.o(.ARM.Collect$$$$0000000B)
    __rt_final_cpp                           0x000000d1   Thumb Code     0  entry10a.o(.ARM.Collect$$$$0000000D)
    __rt_final_exit                          0x000000d1   Thumb Code     0  entry11a.o(.ARM.Collect$$$$0000000F)
    HardFault_Handler                        0x000000d5   Thumb Code    24  retarget.o(.emb_text)
    Reset_Handler                            0x000000f1   Thumb Code    38  startup_m031series.o(.text)
    NMI_Handler                              0x00000117   Thumb Code     2  startup_m031series.o(.text)
    SVC_Handler                              0x0000011b   Thumb Code     2  startup_m031series.o(.text)
    PendSV_Handler                           0x0000011d   Thumb Code     2  startup_m031series.o(.text)
    SysTick_Handler                          0x0000011f   Thumb Code     2  startup_m031series.o(.text)
    ACMP01_IRQHandler                        0x00000121   Thumb Code     0  startup_m031series.o(.text)
    ADC_IRQHandler                           0x00000121   Thumb Code     0  startup_m031series.o(.text)
    BOD_IRQHandler                           0x00000121   Thumb Code     0  startup_m031series.o(.text)
    BPWM0_IRQHandler                         0x00000121   Thumb Code     0  startup_m031series.o(.text)
    BPWM1_IRQHandler                         0x00000121   Thumb Code     0  startup_m031series.o(.text)
    CKFAIL_IRQHandler                        0x00000121   Thumb Code     0  startup_m031series.o(.text)
    EINT024_IRQHandler                       0x00000121   Thumb Code     0  startup_m031series.o(.text)
    EINT135_IRQHandler                       0x00000121   Thumb Code     0  startup_m031series.o(.text)
    GPABGH_IRQHandler                        0x00000121   Thumb Code     0  startup_m031series.o(.text)
    GPCDEF_IRQHandler                        0x00000121   Thumb Code     0  startup_m031series.o(.text)
    I2C0_IRQHandler                          0x00000121   Thumb Code     0  startup_m031series.o(.text)
    I2C1_IRQHandler                          0x00000121   Thumb Code     0  startup_m031series.o(.text)
    ISP_IRQHandler                           0x00000121   Thumb Code     0  startup_m031series.o(.text)
    PDMA_IRQHandler                          0x00000121   Thumb Code     0  startup_m031series.o(.text)
    PWM0_IRQHandler                          0x00000121   Thumb Code     0  startup_m031series.o(.text)
    PWM1_IRQHandler                          0x00000121   Thumb Code     0  startup_m031series.o(.text)
    PWRWU_IRQHandler                         0x00000121   Thumb Code     0  startup_m031series.o(.text)
    QSPI0_IRQHandler                         0x00000121   Thumb Code     0  startup_m031series.o(.text)
    RTC_IRQHandler                           0x00000121   Thumb Code     0  startup_m031series.o(.text)
    SPI0_IRQHandler                          0x00000121   Thumb Code     0  startup_m031series.o(.text)
    TMR0_IRQHandler                          0x00000121   Thumb Code     0  startup_m031series.o(.text)
    TMR2_IRQHandler                          0x00000121   Thumb Code     0  startup_m031series.o(.text)
    TMR3_IRQHandler                          0x00000121   Thumb Code     0  startup_m031series.o(.text)
    UART02_IRQHandler                        0x00000121   Thumb Code     0  startup_m031series.o(.text)
    UART13_IRQHandler                        0x00000121   Thumb Code     0  startup_m031series.o(.text)
    UART46_IRQHandler                        0x00000121   Thumb Code     0  startup_m031series.o(.text)
    UART57_IRQHandler                        0x00000121   Thumb Code     0  startup_m031series.o(.text)
    USBD_IRQHandler                          0x00000121   Thumb Code     0  startup_m031series.o(.text)
    USCI01_IRQHandler                        0x00000121   Thumb Code     0  startup_m031series.o(.text)
    WDT_IRQHandler                           0x00000121   Thumb Code     0  startup_m031series.o(.text)
    __aeabi_uidiv                            0x0000014d   Thumb Code     0  uidiv.o(.text)
    __aeabi_uidivmod                         0x0000014d   Thumb Code    44  uidiv.o(.text)
    __aeabi_memcpy                           0x00000179   Thumb Code    36  memcpya.o(.text)
    __aeabi_memcpy4                          0x00000179   Thumb Code     0  memcpya.o(.text)
    __aeabi_memcpy8                          0x00000179   Thumb Code     0  memcpya.o(.text)
    __aeabi_uldivmod                         0x0000019d   Thumb Code    96  uldiv.o(.text)
    __scatterload                            0x000001fd   Thumb Code    28  init.o(.text)
    __scatterload_rt2                        0x000001fd   Thumb Code     0  init.o(.text)
    __aeabi_llsl                             0x00000221   Thumb Code    32  llshl.o(.text)
    _ll_shift_l                              0x00000221   Thumb Code     0  llshl.o(.text)
    __aeabi_llsr                             0x00000241   Thumb Code    34  llushr.o(.text)
    _ll_ushift_r                             0x00000241   Thumb Code     0  llushr.o(.text)
    CLK_DisablePLL                           0x00000265   Thumb Code    50  clk.o(i.CLK_DisablePLL)
    CLK_EnableCKO                            0x0000029d   Thumb Code    36  clk.o(i.CLK_EnableCKO)
    CLK_EnableModuleClock                    0x000002c5   Thumb Code    40  clk.o(i.CLK_EnableModuleClock)
    CLK_EnableXtalRC                         0x000002f5   Thumb Code    10  clk.o(i.CLK_EnableXtalRC)
    CLK_GetCPUFreq                           0x00000305   Thumb Code    12  clk.o(i.CLK_GetCPUFreq)
    CLK_GetHXTFreq                           0x00000315   Thumb Code    12  clk.o(i.CLK_GetHXTFreq)
    CLK_GetLXTFreq                           0x00000329   Thumb Code    18  clk.o(i.CLK_GetLXTFreq)
    CLK_GetPCLK0Freq                         0x00000341   Thumb Code    22  clk.o(i.CLK_GetPCLK0Freq)
    CLK_GetPCLK1Freq                         0x00000361   Thumb Code    22  clk.o(i.CLK_GetPCLK1Freq)
    CLK_SetHCLK                              0x000003d9   Thumb Code    76  clk.o(i.CLK_SetHCLK)
    CLK_SetModuleClock                       0x00000429   Thumb Code   102  clk.o(i.CLK_SetModuleClock)
    CLK_WaitClockReady                       0x00000499   Thumb Code    34  clk.o(i.CLK_WaitClockReady)
    Hard_Fault_Handler                       0x000004c5   Thumb Code    16  retarget.o(i.Hard_Fault_Handler)
    SYS_Init                                 0x000004ed   Thumb Code   156  main.o(i.SYS_Init)
    SYS_ResetModule                          0x0000059d   Thumb Code    26  sys.o(i.SYS_ResetModule)
    SystemCoreClockUpdate                    0x000005d9   Thumb Code   120  system_m031series.o(i.SystemCoreClockUpdate)
    SystemInit                               0x0000066d   Thumb Code    46  system_m031series.o(i.SystemInit)
    TIMER1_Init                              0x000006a5   Thumb Code    42  main.o(i.TIMER1_Init)
    TIMER_GetModuleClock                     0x000006d9   Thumb Code    96  timer.o(i.TIMER_GetModuleClock)
    TIMER_Open                               0x00000749   Thumb Code    64  timer.o(i.TIMER_Open)
    TMR1_IRQHandler                          0x00000789   Thumb Code    52  main.o(i.TMR1_IRQHandler)
    UART0_Init                               0x000007d5   Thumb Code    90  main.o(i.UART0_Init)
    UART_Open                                0x000008bd   Thumb Code   198  uart.o(i.UART_Open)
    UART_SetTimeoutCnt                       0x000009a1   Thumb Code    22  uart.o(i.UART_SetTimeoutCnt)
    __0printf$8                              0x000009b9   Thumb Code    24  printf8.o(i.__0printf$8)
    __1printf$8                              0x000009b9   Thumb Code     0  printf8.o(i.__0printf$8)
    __2printf                                0x000009b9   Thumb Code     0  printf8.o(i.__0printf$8)
    __scatterload_copy                       0x000009d9   Thumb Code    14  handlers.o(i.__scatterload_copy)
    __scatterload_null                       0x000009e7   Thumb Code     2  handlers.o(i.__scatterload_null)
    __scatterload_zeroinit                   0x000009e9   Thumb Code    14  handlers.o(i.__scatterload_zeroinit)
    fputc                                    0x00000e6d   Thumb Code    12  retarget.o(i.fputc)
    main                                     0x00000e79   Thumb Code    24  main.o(i.main)
    gau32ClkSrcTbl                           0x00000f38   Data          32  system_m031series.o(.constdata)
    Region$$Table$$Base                      0x00001008   Number         0  anon$$obj.o(Region$$Table)
    Region$$Table$$Limit                     0x00001028   Number         0  anon$$obj.o(Region$$Table)
    SystemCoreClock                          0x20000000   Data           4  system_m031series.o(.data)
    CyclesPerUs                              0x20000004   Data           4  system_m031series.o(.data)
    PllClock                                 0x20000008   Data           4  system_m031series.o(.data)
    __stdout                                 0x2000000c   Data           4  retarget.o(.data)
    __initial_sp                             0x20000218   Data           0  startup_m031series.o(STACK)



==============================================================================

Memory Map of the image

  Image Entry point : 0x000000f1

  Load Region LR_1 (Base: 0x00000000, Size: 0x00001040, Max: 0xffffffff, ABSOLUTE)

    Execution Region ER_RO (Exec base: 0x00000000, Load base: 0x00000000, Size: 0x00001028, Max: 0xffffffff, ABSOLUTE)

    Exec Addr    Load Addr    Size         Type   Attr      Idx    E Section Name        Object

    0x00000000   0x00000000   0x000000c0   Data   RO          209    RESET               startup_m031series.o
    0x000000c0   0x000000c0   0x00000000   Code   RO         1290  * .ARM.Collect$$$$00000000  mc_p.l(entry.o)
    0x000000c0   0x000000c0   0x00000004   Code   RO         1558    .ARM.Collect$$$$00000001  mc_p.l(entry2.o)
    0x000000c4   0x000000c4   0x00000004   Code   RO         1561    .ARM.Collect$$$$00000004  mc_p.l(entry5.o)
    0x000000c8   0x000000c8   0x00000000   Code   RO         1563    .ARM.Collect$$$$00000008  mc_p.l(entry7b.o)
    0x000000c8   0x000000c8   0x00000000   Code   RO         1565    .ARM.Collect$$$$0000000A  mc_p.l(entry8b.o)
    0x000000c8   0x000000c8   0x00000008   Code   RO         1566    .ARM.Collect$$$$0000000B  mc_p.l(entry9a.o)
    0x000000d0   0x000000d0   0x00000000   Code   RO         1568    .ARM.Collect$$$$0000000D  mc_p.l(entry10a.o)
    0x000000d0   0x000000d0   0x00000000   Code   RO         1570    .ARM.Collect$$$$0000000F  mc_p.l(entry11a.o)
    0x000000d0   0x000000d0   0x00000004   Code   RO         1559    .ARM.Collect$$$$00002712  mc_p.l(entry2.o)
    0x000000d4   0x000000d4   0x0000001c   Code   RO          216    .emb_text           retarget.o
    0x000000f0   0x000000f0   0x0000005c   Code   RO          210  * .text               startup_m031series.o
    0x0000014c   0x0000014c   0x0000002c   Code   RO         1291    .text               mc_p.l(uidiv.o)
    0x00000178   0x00000178   0x00000024   Code   RO         1293    .text               mc_p.l(memcpya.o)
    0x0000019c   0x0000019c   0x00000060   Code   RO         1572    .text               mc_p.l(uldiv.o)
    0x000001fc   0x000001fc   0x00000024   Code   RO         1585    .text               mc_p.l(init.o)
    0x00000220   0x00000220   0x00000020   Code   RO         1587    .text               mc_p.l(llshl.o)
    0x00000240   0x00000240   0x00000022   Code   RO         1589    .text               mc_p.l(llushr.o)
    0x00000262   0x00000262   0x00000002   PAD
    0x00000264   0x00000264   0x00000038   Code   RO          413    i.CLK_DisablePLL    clk.o
    0x0000029c   0x0000029c   0x00000028   Code   RO          416    i.CLK_EnableCKO     clk.o
    0x000002c4   0x000002c4   0x00000030   Code   RO          417    i.CLK_EnableModuleClock  clk.o
    0x000002f4   0x000002f4   0x00000010   Code   RO          420    i.CLK_EnableXtalRC  clk.o
    0x00000304   0x00000304   0x00000010   Code   RO          421    i.CLK_GetCPUFreq    clk.o
    0x00000314   0x00000314   0x00000014   Code   RO          423    i.CLK_GetHXTFreq    clk.o
    0x00000328   0x00000328   0x00000018   Code   RO          424    i.CLK_GetLXTFreq    clk.o
    0x00000340   0x00000340   0x00000020   Code   RO          425    i.CLK_GetPCLK0Freq  clk.o
    0x00000360   0x00000360   0x00000020   Code   RO          426    i.CLK_GetPCLK1Freq  clk.o
    0x00000380   0x00000380   0x00000058   Code   RO          304    i.CLK_GetPLLClockFreq  uart.o
    0x000003d8   0x000003d8   0x00000050   Code   RO          430    i.CLK_SetHCLK       clk.o
    0x00000428   0x00000428   0x00000070   Code   RO          431    i.CLK_SetModuleClock  clk.o
    0x00000498   0x00000498   0x0000002c   Code   RO          433    i.CLK_WaitClockReady  clk.o
    0x000004c4   0x000004c4   0x00000028   Code   RO          217    i.Hard_Fault_Handler  retarget.o
    0x000004ec   0x000004ec   0x000000b0   Code   RO         1071    i.SYS_Init          main.o
    0x0000059c   0x0000059c   0x0000001a   Code   RO          918    i.SYS_ResetModule   sys.o
    0x000005b6   0x000005b6   0x00000002   PAD
    0x000005b8   0x000005b8   0x00000020   Code   RO          219    i.SendChar          retarget.o
    0x000005d8   0x000005d8   0x00000094   Code   RO            3    i.SystemCoreClockUpdate  system_m031series.o
    0x0000066c   0x0000066c   0x00000038   Code   RO            4    i.SystemInit        system_m031series.o
    0x000006a4   0x000006a4   0x00000034   Code   RO         1072    i.TIMER1_Init       main.o
    0x000006d8   0x000006d8   0x00000070   Code   RO          991    i.TIMER_GetModuleClock  timer.o
    0x00000748   0x00000748   0x00000040   Code   RO          992    i.TIMER_Open        timer.o
    0x00000788   0x00000788   0x0000004c   Code   RO         1073    i.TMR1_IRQHandler   main.o
    0x000007d4   0x000007d4   0x000000e8   Code   RO         1074    i.UART0_Init        main.o
    0x000008bc   0x000008bc   0x000000e4   Code   RO          311    i.UART_Open         uart.o
    0x000009a0   0x000009a0   0x00000016   Code   RO          317    i.UART_SetTimeoutCnt  uart.o
    0x000009b6   0x000009b6   0x00000002   PAD
    0x000009b8   0x000009b8   0x00000020   Code   RO         1504    i.__0printf$8       mc_p.l(printf8.o)
    0x000009d8   0x000009d8   0x0000000e   Code   RO         1599    i.__scatterload_copy  mc_p.l(handlers.o)
    0x000009e6   0x000009e6   0x00000002   Code   RO         1600    i.__scatterload_null  mc_p.l(handlers.o)
    0x000009e8   0x000009e8   0x0000000e   Code   RO         1601    i.__scatterload_zeroinit  mc_p.l(handlers.o)
    0x000009f6   0x000009f6   0x00000002   PAD
    0x000009f8   0x000009f8   0x00000428   Code   RO         1511    i._printf_core      mc_p.l(printf8.o)
    0x00000e20   0x00000e20   0x00000020   Code   RO         1512    i._printf_post_padding  mc_p.l(printf8.o)
    0x00000e40   0x00000e40   0x0000002c   Code   RO         1513    i._printf_pre_padding  mc_p.l(printf8.o)
    0x00000e6c   0x00000e6c   0x0000000c   Code   RO          223    i.fputc             retarget.o
    0x00000e78   0x00000e78   0x00000018   Code   RO         1075    i.main              main.o
    0x00000e90   0x00000e90   0x000000a8   Code   RO          225    i.stackDump         retarget.o
    0x00000f38   0x00000f38   0x00000020   Data   RO            5    .constdata          system_m031series.o
    0x00000f58   0x00000f58   0x00000048   Data   RO          319    .constdata          uart.o
    0x00000fa0   0x00000fa0   0x00000038   Data   RO          434    .constdata          clk.o
    0x00000fd8   0x00000fd8   0x00000020   Data   RO          995    .constdata          timer.o
    0x00000ff8   0x00000ff8   0x00000010   Data   RO         1076    .constdata          main.o
    0x00001008   0x00001008   0x00000020   Data   RO         1597    Region$$Table       anon$$obj.o


    Execution Region ER_RW (Exec base: 0x20000000, Load base: 0x00001028, Size: 0x00000018, Max: 0xffffffff, ABSOLUTE)

    Exec Addr    Load Addr    Size         Type   Attr      Idx    E Section Name        Object

    0x20000000   0x00001028   0x0000000c   Data   RW            6    .data               system_m031series.o
    0x2000000c   0x00001034   0x00000004   Data   RW          226    .data               retarget.o
    0x20000010   0x00001038   0x00000008   Data   RW         1078    .data               main.o


    Execution Region ER_ZI (Exec base: 0x20000018, Load base: 0x00001040, Size: 0x00000200, Max: 0xffffffff, ABSOLUTE)

    Exec Addr    Load Addr    Size         Type   Attr      Idx    E Section Name        Object

    0x20000018        -       0x00000200   Zero   RW          207    STACK               startup_m031series.o


==============================================================================

Image component sizes


      Code (inc. data)   RO Data    RW Data    ZI Data      Debug   Object Name

       520         86         56          0          0       7297   clk.o
       560        196         16          8          0      75967   main.o
       280        132          0          4          0       4627   retarget.o
        92         42        192          0        512        712   startup_m031series.o
        26          0          0          0          0        506   sys.o
       204         38         32         12          0      95111   system_m031series.o
       176         16         32          0          0       2004   timer.o
       338         48         72          0          0       2661   uart.o

    ----------------------------------------------------------------------
      2200        558        432         24        512     188885   Object Totals
         0          0         32          0          0          0   (incl. Generated)
         4          0          0          0          0          0   (incl. Padding)

    ----------------------------------------------------------------------

      Code (inc. data)   RO Data    RW Data    ZI Data      Debug   Library Member Name

         0          0          0          0          0          0   entry.o
         0          0          0          0          0          0   entry10a.o
         0          0          0          0          0          0   entry11a.o
         8          4          0          0          0          0   entry2.o
         4          0          0          0          0          0   entry5.o
         0          0          0          0          0          0   entry7b.o
         0          0          0          0          0          0   entry8b.o
         8          4          0          0          0          0   entry9a.o
        30          0          0          0          0          0   handlers.o
        36          8          0          0          0         68   init.o
        32          0          0          0          0         68   llshl.o
        34          0          0          0          0         68   llushr.o
        36          0          0          0          0         60   memcpya.o
      1172         52          0          0          0        324   printf8.o
        44          0          0          0          0         72   uidiv.o
        96          0          0          0          0         84   uldiv.o

    ----------------------------------------------------------------------
      1504         68          0          0          0        744   Library Totals
         4          0          0          0          0          0   (incl. Padding)

    ----------------------------------------------------------------------

      Code (inc. data)   RO Data    RW Data    ZI Data      Debug   Library Name

      1500         68          0          0          0        744   mc_p.l

    ----------------------------------------------------------------------
      1504         68          0          0          0        744   Library Totals

    ----------------------------------------------------------------------

==============================================================================


      Code (inc. data)   RO Data    RW Data    ZI Data      Debug   

      3704        626        432         24        512     188233   Grand Totals
      3704        626        432         24        512     188233   ELF Image Totals
      3704        626        432         24          0          0   ROM Totals

==============================================================================

    Total RO  Size (Code + RO Data)                 4136 (   4.04kB)
    Total RW  Size (RW Data + ZI Data)               536 (   0.52kB)
    Total ROM Size (Code + RO Data + RW Data)       4160 (   4.06kB)

==============================================================================

